******************************************************************************
                  TI ARM Linker PC v18.12.2                    
******************************************************************************
>> Linked Wed Nov 13 21:05:53 2019

OUTPUT FILE NAME:   <Blink.out>
ENTRY POINT SYMBOL: "_c_int00_noargs"  address: 00000d21


MEMORY CONFIGURATION

         name            origin    length      used     unused   attr    fill
----------------------  --------  ---------  --------  --------  ----  --------
  FLASH                 00000000   00040000  00000da2  0003f25e  R  X
  SRAM                  20000000   00008000  00000223  00007ddd  RW X


SEGMENT ALLOCATION MAP

run origin  load origin   length   init length attrs members
----------  ----------- ---------- ----------- ----- -------
00000000    00000000    00000da4   00000da4    r-x
  00000000    00000000    0000026c   0000026c    r-- .intvecs
  0000026c    0000026c    00000b0a   00000b0a    r-x .text
  00000d78    00000d78    0000002c   0000002c    r-- .cinit
20000000    20000000    00000223   00000000    rw-
  20000000    20000000    00000200   00000000    rw- .stack
  20000200    20000200    00000023   00000000    rw- .data


SECTION ALLOCATION MAP

 output                                  attributes/
section   page    origin      length       input sections
--------  ----  ----------  ----------   ----------------
.intvecs   0    00000000    0000026c     
                  00000000    0000026c     tm4c123gh6pm_startup_ccs.obj (.intvecs)

.text      0    0000026c    00000b0a     
                  0000026c    000004d0     dio.obj (.text)
                  0000073c    00000358     port.obj (.text)
                  00000a94    000000f0     SysCtr.obj (.text)
                  00000b84    0000009c     rtsv7M4_T_le_v4SPD16_eabi.lib : memcpy_t2.asm.obj (.text)
                  00000c20    00000068                                   : copy_decompress_lzss.c.obj (.text:decompress:lzss:__TI_decompress_lzss)
                  00000c88    00000054     lab_00_dio.obj (.text)
                  00000cdc    00000044     rtsv7M4_T_le_v4SPD16_eabi.lib : autoinit.c.obj (.text:__TI_auto_init_nobinit_nopinit:__TI_auto_init_nobinit_nopinit)
                  00000d20    00000034                                   : boot_cortex_m.c.obj (.text:_c_int00_noargs:_c_int00_noargs)
                  00000d54    0000000e                                   : copy_decompress_none.c.obj (.text:decompress:none:__TI_decompress_none)
                  00000d62    0000000c     tm4c123gh6pm_startup_ccs.obj (.text)
                  00000d6e    00000004     rtsv7M4_T_le_v4SPD16_eabi.lib : pre_init.c.obj (.text:_system_pre_init)
                  00000d72    00000004                                   : exit.c.obj (.text:abort:abort)

.cinit     0    00000d78    0000002c     
                  00000d78    0000001b     (.cinit..data.load) [load image, compression = lzss]
                  00000d93    00000001     --HOLE-- [fill = 0]
                  00000d94    00000008     (__TI_handler_table)
                  00000d9c    00000008     (__TI_cinit_table)

.init_array 
*          0    00000000    00000000     UNINITIALIZED

.data      0    20000200    00000023     UNINITIALIZED
                  20000200    00000023     port_lcfg.obj (.data:PortCfgArr)

.stack     0    20000000    00000200     UNINITIALIZED
                  20000000    00000004     rtsv7M4_T_le_v4SPD16_eabi.lib : boot_cortex_m.c.obj (.stack)
                  20000004    000001fc     --HOLE--

MODULE SUMMARY

       Module                         code   ro data   rw data
       ------                         ----   -------   -------
    .\
       tm4c123gh6pm_startup_ccs.obj   12     620       0      
    +--+------------------------------+------+---------+---------+
       Total:                         12     620       0      
                                                              
    .\appl\
       lab_00_dio.obj                 84     0         0      
    +--+------------------------------+------+---------+---------+
       Total:                         84     0         0      
                                                              
    .\config\
       port_lcfg.obj                  0      0         35     
    +--+------------------------------+------+---------+---------+
       Total:                         0      0         35     
                                                              
    .\mcal\dio\
       dio.obj                        1232   0         0      
    +--+------------------------------+------+---------+---------+
       Total:                         1232   0         0      
                                                              
    .\mcal\port_driver\
       port.obj                       856    0         0      
    +--+------------------------------+------+---------+---------+
       Total:                         856    0         0      
                                                              
    .\mcal\sys_ctr\
       SysCtr.obj                     240    0         0      
    +--+------------------------------+------+---------+---------+
       Total:                         240    0         0      
                                                              
    C:\ti\ccs910\ccs\tools\compiler\ti-cgt-arm_18.12.2.LTS\lib\rtsv7M4_T_le_v4SPD16_eabi.lib
       memcpy_t2.asm.obj              156    0         0      
       copy_decompress_lzss.c.obj     104    0         0      
       autoinit.c.obj                 68     0         0      
       boot_cortex_m.c.obj            52     0         0      
       copy_decompress_none.c.obj     14     0         0      
       exit.c.obj                     4      0         0      
       pre_init.c.obj                 4      0         0      
    +--+------------------------------+------+---------+---------+
       Total:                         402    0         0      
                                                              
       Stack:                         0      0         512    
       Linker Generated:              0      43        0      
    +--+------------------------------+------+---------+---------+
       Grand Total:                   2826   663       547    


LINKER GENERATED COPY TABLES

__TI_cinit_table @ 00000d9c records: 1, size/record: 8, table size: 8
	.data: load addr=00000d78, load size=0000001b bytes, run addr=20000200, run size=00000023 bytes, compression=lzss


LINKER GENERATED HANDLER TABLE

__TI_handler_table @ 00000d94 records: 2, size/record: 4, table size: 8
	index: 0, handler: __TI_decompress_lzss
	index: 1, handler: __TI_decompress_none


GLOBAL SYMBOLS: SORTED ALPHABETICALLY BY Name 

address   name                          
-------   ----                          
00000d73  C$$EXIT                       
000005ed  Dio_FlipChannel               
000006a9  Dio_FlipPort                  
0000026d  Dio_ReadChannel               
0000049f  Dio_ReadPort                  
00000341  Dio_WriteChannel              
00000509  Dio_WritePort                 
0000073d  PORT_init                     
20000200  PortCfgArr                    
00000d63  ResetISR                      
00000a95  SysCtr_init                   
20000200  __STACK_END                   
00000200  __STACK_SIZE                  
20000200  __STACK_TOP                   
00000d9c  __TI_CINIT_Base               
00000da4  __TI_CINIT_Limit              
00000d94  __TI_Handler_Table_Base       
00000d9c  __TI_Handler_Table_Limit      
00000cdd  __TI_auto_init_nobinit_nopinit
00000c21  __TI_decompress_lzss          
00000d55  __TI_decompress_none          
ffffffff  __TI_pprof_out_hndl           
ffffffff  __TI_prof_data_size           
ffffffff  __TI_prof_data_start          
00000000  __TI_static_base__            
00000b85  __aeabi_memcpy                
00000b85  __aeabi_memcpy4               
00000b85  __aeabi_memcpy8               
ffffffff  __binit__                     
ffffffff  __c_args__                    
UNDEFED   __mpu_init                    
20000000  __stack                       
00000d21  _c_int00_noargs               
UNDEFED   _system_post_cinit            
00000d6f  _system_pre_init              
00000d73  abort                         
ffffffff  binit                         
00000000  g_pfnVectors                  
00000c89  main                          
00000b85  memcpy                        


GLOBAL SYMBOLS: SORTED BY Symbol Address 

address   name                          
-------   ----                          
00000000  __TI_static_base__            
00000000  g_pfnVectors                  
00000200  __STACK_SIZE                  
0000026d  Dio_ReadChannel               
00000341  Dio_WriteChannel              
0000049f  Dio_ReadPort                  
00000509  Dio_WritePort                 
000005ed  Dio_FlipChannel               
000006a9  Dio_FlipPort                  
0000073d  PORT_init                     
00000a95  SysCtr_init                   
00000b85  __aeabi_memcpy                
00000b85  __aeabi_memcpy4               
00000b85  __aeabi_memcpy8               
00000b85  memcpy                        
00000c21  __TI_decompress_lzss          
00000c89  main                          
00000cdd  __TI_auto_init_nobinit_nopinit
00000d21  _c_int00_noargs               
00000d55  __TI_decompress_none          
00000d63  ResetISR                      
00000d6f  _system_pre_init              
00000d73  C$$EXIT                       
00000d73  abort                         
00000d94  __TI_Handler_Table_Base       
00000d9c  __TI_CINIT_Base               
00000d9c  __TI_Handler_Table_Limit      
00000da4  __TI_CINIT_Limit              
20000000  __stack                       
20000200  PortCfgArr                    
20000200  __STACK_END                   
20000200  __STACK_TOP                   
ffffffff  __TI_pprof_out_hndl           
ffffffff  __TI_prof_data_size           
ffffffff  __TI_prof_data_start          
ffffffff  __binit__                     
ffffffff  __c_args__                    
ffffffff  binit                         
UNDEFED   __mpu_init                    
UNDEFED   _system_post_cinit            

[40 symbols]
