******************************************************************************
                  TI ARM Linker PC v18.12.2                    
******************************************************************************
>> Linked Wed Nov 13 14:31:09 2019

OUTPUT FILE NAME:   <Blink.out>
ENTRY POINT SYMBOL: "_c_int00_noargs"  address: 00000ce9


MEMORY CONFIGURATION

         name            origin    length      used     unused   attr    fill
----------------------  --------  ---------  --------  --------  ----  --------
  FLASH                 00000000   00040000  00000d8e  0003f272  R  X
  SRAM                  20000000   00008000  00000223  00007ddd  RW X


SEGMENT ALLOCATION MAP

run origin  load origin   length   init length attrs members
----------  ----------- ---------- ----------- ----- -------
00000000    00000000    00000d94   00000d94    r-x
  00000000    00000000    0000026c   0000026c    r-- .intvecs
  0000026c    0000026c    00000af6   00000af6    r-x .text
  00000d68    00000d68    0000002c   0000002c    r-- .cinit
20000000    20000000    00000223   00000000    rw-
  20000000    20000000    00000200   00000000    rw- .stack
  20000200    20000200    00000023   00000000    rw- .data


SECTION ALLOCATION MAP

 output                                  attributes/
section   page    origin      length       input sections
--------  ----  ----------  ----------   ----------------
.intvecs   0    00000000    0000026c     
                  00000000    0000026c     tm4c123gh6pm_startup_ccs.obj (.intvecs)

.text      0    0000026c    00000af6     
                  0000026c    00000518     dio.obj (.text)
                  00000784    0000032c     port.obj (.text)
                  00000ab0    000000f0     SysCtr.obj (.text)
                  00000ba0    0000009c     rtsv7M4_T_le_v4SPD16_eabi.lib : memcpy_t2.asm.obj (.text)
                  00000c3c    00000068                                   : copy_decompress_lzss.c.obj (.text:decompress:lzss:__TI_decompress_lzss)
                  00000ca4    00000044                                   : autoinit.c.obj (.text:__TI_auto_init_nobinit_nopinit:__TI_auto_init_nobinit_nopinit)
                  00000ce8    00000034                                   : boot_cortex_m.c.obj (.text:_c_int00_noargs:_c_int00_noargs)
                  00000d1c    00000024     lab_00_dio.obj (.text)
                  00000d40    0000000e     rtsv7M4_T_le_v4SPD16_eabi.lib : copy_decompress_none.c.obj (.text:decompress:none:__TI_decompress_none)
                  00000d4e    0000000c     tm4c123gh6pm_startup_ccs.obj (.text)
                  00000d5a    00000004     rtsv7M4_T_le_v4SPD16_eabi.lib : pre_init.c.obj (.text:_system_pre_init)
                  00000d5e    00000004                                   : exit.c.obj (.text:abort:abort)

.cinit     0    00000d68    0000002c     
                  00000d68    0000001c     (.cinit..data.load) [load image, compression = lzss]
                  00000d84    00000008     (__TI_handler_table)
                  00000d8c    00000008     (__TI_cinit_table)

.init_array 
*          0    00000000    00000000     UNINITIALIZED

.data      0    20000200    00000023     UNINITIALIZED
                  20000200    00000023     port_lcfg.obj (.data:PortCfgArr)

.stack     0    20000000    00000200     UNINITIALIZED
                  20000000    00000004     rtsv7M4_T_le_v4SPD16_eabi.lib : boot_cortex_m.c.obj (.stack)
                  20000004    000001fc     --HOLE--

MODULE SUMMARY

       Module                         code   ro data   rw data
       ------                         ----   -------   -------
    .\
       tm4c123gh6pm_startup_ccs.obj   12     620       0      
    +--+------------------------------+------+---------+---------+
       Total:                         12     620       0      
                                                              
    .\appl\
       lab_00_dio.obj                 36     0         0      
    +--+------------------------------+------+---------+---------+
       Total:                         36     0         0      
                                                              
    .\config\
       port_lcfg.obj                  0      0         35     
    +--+------------------------------+------+---------+---------+
       Total:                         0      0         35     
                                                              
    .\mcal\dio\
       dio.obj                        1304   0         0      
    +--+------------------------------+------+---------+---------+
       Total:                         1304   0         0      
                                                              
    .\mcal\port_driver\
       port.obj                       812    0         0      
    +--+------------------------------+------+---------+---------+
       Total:                         812    0         0      
                                                              
    .\mcal\sys_ctr\
       SysCtr.obj                     240    0         0      
    +--+------------------------------+------+---------+---------+
       Total:                         240    0         0      
                                                              
    C:\ti\ccs910\ccs\tools\compiler\ti-cgt-arm_18.12.2.LTS\lib\rtsv7M4_T_le_v4SPD16_eabi.lib
       memcpy_t2.asm.obj              156    0         0      
       copy_decompress_lzss.c.obj     104    0         0      
       autoinit.c.obj                 68     0         0      
       boot_cortex_m.c.obj            52     0         0      
       copy_decompress_none.c.obj     14     0         0      
       exit.c.obj                     4      0         0      
       pre_init.c.obj                 4      0         0      
    +--+------------------------------+------+---------+---------+
       Total:                         402    0         0      
                                                              
       Stack:                         0      0         512    
       Linker Generated:              0      44        0      
    +--+------------------------------+------+---------+---------+
       Grand Total:                   2806   664       547    


LINKER GENERATED COPY TABLES

__TI_cinit_table @ 00000d8c records: 1, size/record: 8, table size: 8
	.data: load addr=00000d68, load size=0000001c bytes, run addr=20000200, run size=00000023 bytes, compression=lzss


LINKER GENERATED HANDLER TABLE

__TI_handler_table @ 00000d84 records: 2, size/record: 4, table size: 8
	index: 0, handler: __TI_decompress_lzss
	index: 1, handler: __TI_decompress_none


GLOBAL SYMBOLS: SORTED ALPHABETICALLY BY Name 

address   name                          
-------   ----                          
00000d5f  C$$EXIT                       
00000635  Dio_FlipChannel               
000006f1  Dio_FlipPort                  
0000026d  Dio_ReadChannel               
000004e7  Dio_ReadPort                  
00000389  Dio_WriteChannel              
00000551  Dio_WritePort                 
00000785  PORT_init                     
20000200  PortCfgArr                    
00000d4f  ResetISR                      
00000ab1  SysCtr_init                   
20000200  __STACK_END                   
00000200  __STACK_SIZE                  
20000200  __STACK_TOP                   
00000d8c  __TI_CINIT_Base               
00000d94  __TI_CINIT_Limit              
00000d84  __TI_Handler_Table_Base       
00000d8c  __TI_Handler_Table_Limit      
00000ca5  __TI_auto_init_nobinit_nopinit
00000c3d  __TI_decompress_lzss          
00000d41  __TI_decompress_none          
ffffffff  __TI_pprof_out_hndl           
ffffffff  __TI_prof_data_size           
ffffffff  __TI_prof_data_start          
00000000  __TI_static_base__            
00000ba1  __aeabi_memcpy                
00000ba1  __aeabi_memcpy4               
00000ba1  __aeabi_memcpy8               
ffffffff  __binit__                     
ffffffff  __c_args__                    
UNDEFED   __mpu_init                    
20000000  __stack                       
00000ce9  _c_int00_noargs               
UNDEFED   _system_post_cinit            
00000d5b  _system_pre_init              
00000d5f  abort                         
ffffffff  binit                         
00000000  g_pfnVectors                  
00000d1d  main                          
00000ba1  memcpy                        


GLOBAL SYMBOLS: SORTED BY Symbol Address 

address   name                          
-------   ----                          
00000000  __TI_static_base__            
00000000  g_pfnVectors                  
00000200  __STACK_SIZE                  
0000026d  Dio_ReadChannel               
00000389  Dio_WriteChannel              
000004e7  Dio_ReadPort                  
00000551  Dio_WritePort                 
00000635  Dio_FlipChannel               
000006f1  Dio_FlipPort                  
00000785  PORT_init                     
00000ab1  SysCtr_init                   
00000ba1  __aeabi_memcpy                
00000ba1  __aeabi_memcpy4               
00000ba1  __aeabi_memcpy8               
00000ba1  memcpy                        
00000c3d  __TI_decompress_lzss          
00000ca5  __TI_auto_init_nobinit_nopinit
00000ce9  _c_int00_noargs               
00000d1d  main                          
00000d41  __TI_decompress_none          
00000d4f  ResetISR                      
00000d5b  _system_pre_init              
00000d5f  C$$EXIT                       
00000d5f  abort                         
00000d84  __TI_Handler_Table_Base       
00000d8c  __TI_CINIT_Base               
00000d8c  __TI_Handler_Table_Limit      
00000d94  __TI_CINIT_Limit              
20000000  __stack                       
20000200  PortCfgArr                    
20000200  __STACK_END                   
20000200  __STACK_TOP                   
ffffffff  __TI_pprof_out_hndl           
ffffffff  __TI_prof_data_size           
ffffffff  __TI_prof_data_start          
ffffffff  __binit__                     
ffffffff  __c_args__                    
ffffffff  binit                         
UNDEFED   __mpu_init                    
UNDEFED   _system_post_cinit            

[40 symbols]
